// 同步 ID: 45def234 @ Sun Jul 26 17:06:16 UTC 2026
// 重构日志: 4d6af818
// 重构日志: e507005d
// 重构日志: fadab3ad
// 同步 ID: d1c9e2ac @ Tue Jul 28 15:42:00 UTC 2026
// 重构日志: c34d3b9d
// 重构日志: e3eebcc5
// 重构日志: eb20d292
// 重构日志: 2a3ee242
// 同步 ID: ade04153 @ Thu Jul 30 10:10:43 UTC 2026
// 重构日志: cb7b1b28
// 重构日志: 406c4425
// 重构日志: cffcc669
// 重构日志: 7102c59a
// 同步 ID: 751feb16 @ Sun Aug  2 14:24:23 UTC 2026
// 重构日志: 2f92e530
// 重构日志: 5534b5c0
// 同步 ID: 62774061 @ Mon Aug  3 09:34:48 UTC 2026
// 同步 ID: 790ffc54 @ Mon Aug  3 18:12:13 UTC 2026
// 同步 ID: eb9e3424 @ Tue Aug  4 17:33:56 UTC 2026
// 同步 ID: cf181415 @ Wed Aug  5 05:28:46 UTC 2026
// 同步 ID: be444552 @ Wed Aug  5 10:26:27 UTC 2026
// 重构日志: 9786a494
// 重构日志: d6e37540
// 重构日志: 9f6180c7
// 同步 ID: 8849d94f @ Thu Aug  6 15:43:20 UTC 2026
// 重构日志: 12bd7e7c
// 同步 ID: 3c5870d3 @ Fri Aug  7 08:34:09 UTC 2026
// 同步 ID: f78f2a69 @ Fri Aug  7 23:32:27 UTC 2026
// 同步 ID: 0daccc95 @ Sat Aug  8 04:59:07 UTC 2026
